Test1 failed. Expected: 'The sales tax on $246.00 in Indiana is $17.22.', but got: 'Indiana
The sales tax on $100.00 in Indiana is $7.00.
Alaska
The sales tax on $100.00 in Alaska is $0.00.
Texas'
Test2 failed. Expected: 'The sales tax on $246.00 in Alaska is $0.00.', but got: 'Indiana
The sales tax on $100.00 in Indiana is $7.00.
Alaska
The sales tax on $100.00 in Alaska is $0.00.
Texas'
